App.tsx(23,31): error TS2322: Type 'Promise<typeof import("C:/Users/user/Downloads/maudelart/components/Blog")>' is not assignable to type 'Promise<{ default: ComponentType<any>; }>'.
  Property 'default' is missing in type 'typeof import("C:/Users/user/Downloads/maudelart/components/Blog")' but required in type '{ default: ComponentType<any>; }'.
